\BOOKMARK [1][]{section.1}{\376\377\116\000\060\001\000\040\225\356\230\230\221\315\217\360}{}% 1
\BOOKMARK [2][]{subsection.1.1}{\376\377\0001\000.\0001\000\040\225\356\230\230\200\314\146\157}{section.1}% 2
\BOOKMARK [2][]{subsection.1.2}{\376\377\0001\000.\0002\000\040\227\000\211\201\211\343\121\263\166\204\225\356\230\230}{section.1}% 3
\BOOKMARK [2][]{subsection.1.3}{\376\377\0001\000.\0003\000\040\145\160\143\156\213\364\146\016}{section.1}% 4
\BOOKMARK [1][]{section.2}{\376\377\116\214\060\001\000\040\152\041\127\213\120\107\213\276}{}% 5
\BOOKMARK [1][]{section.3}{\376\377\116\011\060\001\000\040\173\046\123\367\213\364\146\016}{}% 6
\BOOKMARK [1][]{section.4}{\376\377\126\333\060\001\000\040\225\356\230\230\122\006\147\220}{}% 7
\BOOKMARK [2][]{subsection.4.1}{\376\377\0004\000.\0001\000\040\145\164\117\123\122\006\147\220}{section.4}% 8
\BOOKMARK [2][]{subsection.4.2}{\376\377\0004\000.\0002\000\040\121\163\225\056\226\276\160\271\116\016\136\224\133\371}{section.4}% 9
\BOOKMARK [1][]{section.5}{\376\377\116\224\060\001\000\040\152\041\127\213\136\372\172\313\116\016\154\102\211\343}{}% 10
\BOOKMARK [2][]{subsection.5.1}{\376\377\0005\000.\0001\000\040\225\356\230\230\116\000\377\032\131\032\152\041\140\001\140\305\141\037\162\171\137\201\143\320\123\326\116\016\145\366\136\217\133\371\237\120}{section.5}% 11
\BOOKMARK [2][]{subsection.5.2}{\376\377\0005\000.\0002\000\040\225\356\230\230\116\214\377\032\152\041\140\001\177\072\131\061\147\141\116\366\116\013\166\204\234\201\150\322\140\305\141\037\230\204\155\113}{section.5}% 12
\BOOKMARK [3][]{subsubsection.5.2.1}{\376\377\0005\000.\0002\000.\0001\000\040\217\223\121\145\210\150\171\072\116\016\177\072\131\061\143\251\170\001\166\204\145\160\133\146\133\232\116\111}{subsection.5.2}% 13
\BOOKMARK [3][]{subsubsection.5.2.2}{\376\377\0005\000.\0002\000.\0002\000\040\143\251\170\001\141\037\167\345\166\204\152\041\140\001\177\026\170\001}{subsection.5.2}% 14
\BOOKMARK [3][]{subsubsection.5.2.3}{\376\377\0005\000.\0002\000.\0003\000\040\122\250\140\001\116\023\133\266\225\350\143\247\116\016\152\041\140\001\207\215\124\010}{subsection.5.2}% 15
\BOOKMARK [3][]{subsubsection.5.2.4}{\376\377\0005\000.\0002\000.\0004\000\040\166\356\150\007\121\375\145\160}{subsection.5.2}% 16
\BOOKMARK [3][]{subsubsection.5.2.5}{\376\377\0005\000.\0002\000.\0005\000\040\121\263\173\126\226\010\120\074\220\011\142\351\116\016\150\041\121\306}{subsection.5.2}% 17
\BOOKMARK [3][]{subsubsection.5.2.6}{\376\377\0005\000.\0002\000.\0006\000\040\213\255\176\303\145\271\150\110\116\016\121\163\225\056\123\302\145\160}{subsection.5.2}% 18
\BOOKMARK [3][]{subsubsection.5.2.7}{\376\377\0005\000.\0002\000.\0007\000\040\154\102\211\343\176\323\147\234}{subsection.5.2}% 19
\BOOKMARK [3][]{subsubsection.5.2.8}{\376\377\0005\000.\0002\000.\0008\000\040\177\072\131\061\126\340\175\040\137\161\124\315\211\304\137\213}{subsection.5.2}% 20
\BOOKMARK [3][]{subsubsection.5.2.9}{\376\377\0005\000.\0002\000.\0009\000\040\155\210\207\215\133\236\232\214}{subsection.5.2}% 21
\BOOKMARK [3][]{subsubsection.5.2.10}{\376\377\0005\000.\0002\000.\0001\0000\000\040\232\214\213\301\226\306\123\357\211\306\123\026\116\016\225\031\213\357\137\122\126\340}{subsection.5.2}% 22
\BOOKMARK [3][]{subsubsection.5.2.11}{\376\377\0005\000.\0002\000.\0001\0001\000\040\116\015\170\156\133\232\140\047\122\006\147\220\116\016\123\357\142\322\213\306\200\375\122\233}{subsection.5.2}% 23
\BOOKMARK [3][]{subsubsection.5.2.12}{\376\377\0005\000.\0002\000.\0001\0002\000\040\226\104\116\366\116\011\116\016\226\104\116\366\126\333\166\204\143\250\164\006\176\323\147\234}{subsection.5.2}% 24
\BOOKMARK [3][]{subsubsection.5.2.13}{\376\377\0005\000.\0002\000.\0001\0003\000\040\123\357\211\343\221\312\140\047\166\204\137\142\137\017\123\026\133\232\116\111\116\016\145\271\150\110\220\011\142\351}{subsection.5.2}% 25
\BOOKMARK [3][]{subsubsection.5.2.14}{\376\377\0005\000.\0002\000.\0001\0004\000\040\123\357\211\343\221\312\140\047\213\301\143\156\131\064\166\204\176\323\147\204\116\016\166\356\150\007\121\375\145\160}{subsection.5.2}% 26
\BOOKMARK [3][]{subsubsection.5.2.15}{\376\377\0005\000.\0002\000.\0001\0005\000\040\152\041\140\001\176\247\116\016\162\107\153\265\176\247\211\343\221\312\166\204\213\241\173\227}{subsection.5.2}% 27
\BOOKMARK [3][]{subsubsection.5.2.16}{\376\377\0005\000.\0002\000.\0001\0006\000\040\213\301\143\156\133\232\117\115\211\304\122\031}{subsection.5.2}% 28
\BOOKMARK [3][]{subsubsection.5.2.17}{\376\377\0005\000.\0002\000.\0001\0007\000\040\121\170\127\213\150\067\147\054\211\343\221\312\123\141}{subsection.5.2}% 29
\BOOKMARK [3][]{subsubsection.5.2.18}{\376\377\0005\000.\0002\000.\0001\0008\000\040\116\011\152\041\140\001\117\134\165\050\135\356\137\002\116\016\116\000\201\364\140\047\150\300\232\214}{subsection.5.2}% 30
\BOOKMARK [3][]{subsubsection.5.2.19}{\376\377\0005\000.\0002\000.\0001\0009\000\040\226\104\116\366\126\333\121\150\221\317\230\204\155\113\116\016\211\343\221\312\176\323\147\234}{subsection.5.2}% 31
\BOOKMARK [3][]{subsubsection.5.2.20}{\376\377\0005\000.\0002\000.\0002\0000\000\040\232\214\213\301\226\306\127\372\170\100\140\047\200\375\116\016\211\343\221\312\176\364\136\246\225\031\213\357\137\122\126\340}{subsection.5.2}% 32
\BOOKMARK [1][]{section.6}{\376\377\121\155\060\001\000\040\152\041\127\213\213\304\116\367\116\016\145\071\217\333}{}% 33
\BOOKMARK [2][]{subsection.6.1}{\376\377\0006\000.\0001\000\040\152\041\127\213\117\030\160\271}{section.6}% 34
\BOOKMARK [2][]{subsection.6.2}{\376\377\0006\000.\0002\000\040\152\041\127\213\177\072\160\271}{section.6}% 35
\BOOKMARK [2][]{subsection.6.3}{\376\377\0006\000.\0003\000\040\145\071\217\333\145\271\124\021}{section.6}% 36
\BOOKMARK [1][]{section.7}{\376\377\116\003\060\001\000\040\140\073\176\323}{}% 37
\BOOKMARK [1][]{section*.49}{\376\377\123\302\200\003\145\207\163\056}{}% 38
\BOOKMARK [1][]{appendix.A}{\376\377\000A\000\040\145\057\144\221\147\120\145\231\145\207\116\366\156\005\123\125}{}% 39
\BOOKMARK [1][]{appendix.B}{\376\377\000B\000\040\150\070\137\303\116\343\170\001}{}% 40
\BOOKMARK [2][]{subsection.B.1}{\376\377\0002\000.\0001\000\040\225\356\230\230\116\214\377\032\000M\000R\000F\000-\000N\000e\000t\000\040\177\121\176\334\176\323\147\204\116\016\122\250\140\001\116\023\133\266\225\350\143\247}{appendix.B}% 41
\BOOKMARK [2][]{subsection.B.2}{\376\377\0002\000.\0002\000\040\225\356\230\230\116\214\377\032\143\137\131\061\121\375\145\160\377\010\137\002\145\271\135\356\126\336\137\122\060\001\174\173\122\053\122\240\147\103\060\001\116\000\201\364\140\047\060\001\221\315\136\372\116\016\204\270\231\217\377\011}{appendix.B}% 42
\BOOKMARK [2][]{subsection.B.3}{\376\377\0002\000.\0003\000\040\225\356\230\230\116\214\377\032\213\255\176\303\116\016\143\250\164\006\116\073\155\101\172\013\377\010\177\072\131\061\213\376\172\013\133\146\116\140\060\001\000E\000M\000A\060\001\145\351\120\134\377\011}{appendix.B}% 43
\BOOKMARK [2][]{subsection.B.4}{\376\377\0002\000.\0004\000\040\225\356\230\230\116\011\377\032\232\250\136\162\122\240\217\175\116\016\142\171\147\204\220\040\377\010\116\011\156\220\211\343\221\312\166\204\121\154\121\161\121\145\123\343\377\011}{appendix.B}% 44
\BOOKMARK [2][]{subsection.B.5}{\376\377\0002\000.\0005\000\040\225\356\230\230\116\011\377\032\174\276\170\156\000\040\000S\000h\000a\000p\000l\000e\000y\000\040\120\074\377\010\121\153\133\120\226\306\121\150\147\232\116\076\377\011}{appendix.B}% 45
\BOOKMARK [2][]{subsection.B.6}{\376\377\0002\000.\0006\000\040\225\356\230\230\116\011\377\032\171\357\122\006\150\257\136\246\116\016\162\107\153\265\176\247\221\315\211\201\140\047}{appendix.B}% 46
\BOOKMARK [2][]{subsection.B.7}{\376\377\0002\000.\0007\000\040\225\356\230\230\116\011\377\032\220\156\143\041\221\315\211\201\140\047\377\010\172\227\133\275\000\040\0003\000\040\156\321\172\227\377\011}{appendix.B}% 47
\BOOKMARK [2][]{subsection.B.8}{\376\377\0002\000.\0008\000\040\225\356\230\230\116\011\377\032\116\011\156\220\207\215\124\010\116\016\000\040\003\263\000\040\123\125\176\257\137\142\176\246\147\137}{appendix.B}% 48
\BOOKMARK [2][]{subsection.B.9}{\376\377\0002\000.\0009\000\040\225\356\230\230\116\011\377\032\213\301\143\156\133\232\117\115\377\010\213\315\121\103\133\371\237\120\060\001\213\355\227\363\145\366\153\265\146\040\134\004\060\001\121\163\225\056\136\047\142\275\123\326\377\011}{appendix.B}% 49
\BOOKMARK [2][]{subsection.B.10}{\376\377\0002\000.\0001\0000\000\040\225\356\230\230\116\011\377\032\136\166\200\124\213\301\143\156\131\064\213\255\176\303\377\010\232\250\136\162\121\273\176\323\060\001\137\340\133\236\140\047\153\143\122\031\377\011}{appendix.B}% 50
\BOOKMARK [2][]{subsection.B.11}{\376\377\0002\000.\0001\0001\000\040\225\356\230\230\116\011\377\032\211\343\221\312\123\141\165\037\142\020}{appendix.B}% 51
\BOOKMARK [2][]{subsection.B.12}{\376\377\0002\000.\0001\0002\000\040\225\356\230\230\116\011\377\032\226\104\116\366\126\333\121\150\221\317\143\250\164\006\116\016\211\343\221\312\217\223\121\372}{appendix.B}% 52
\BOOKMARK [2][]{subsection.B.13}{\376\377\0002\000.\0001\0003\000\040\225\356\230\230\116\011\377\032\116\244\116\330\201\352\147\345\377\010\0001\0007\000\040\230\171\116\000\201\364\140\047\150\041\232\214\377\011}{appendix.B}% 53
